18:14:42 **** Incremental Build of configuration Debug for project proyectos_ed3 ****
make -r -j12 all 
Building file: ../src/proyectos_ed3.c
Invoking: MCU C Compiler
arm-none-eabi-gcc -DDEBUG -D__CODE_RED -DCORE_M3 -D__USE_CMSIS=CMSISv2p00_LPC17xx -D__LPC17XX__ -D__REDLIB__ -I"/home/vzucc/Documentos/UNC/3TO AÑO/ELECTRONICA DIGITAL 3/mcu/CMSISv2p00_LPC17xx/inc" -O0 -fno-common -g3 -gdwarf-4 -Wall -c -fmessage-length=0 -fno-builtin -ffunction-sections -fdata-sections -fmerge-constants -fmacro-prefix-map="../src/"= -mcpu=cortex-m3 -mthumb -fstack-usage -specs=redlib.specs -MMD -MP -MF"src/proyectos_ed3.d" -MT"src/proyectos_ed3.o" -MT"src/proyectos_ed3.d" -o "src/proyectos_ed3.o" "../src/proyectos_ed3.c"
Finished building: ../src/proyectos_ed3.c
 
Building target: proyectos_ed3.axf
Invoking: MCU Linker
arm-none-eabi-gcc -nostdlib -L"/home/vzucc/Documentos/UNC/3TO AÑO/ELECTRONICA DIGITAL 3/mcu/CMSISv2p00_LPC17xx/Debug" -Xlinker -Map="proyectos_ed3.map" -Xlinker --cref -Xlinker --gc-sections -Xlinker -print-memory-usage -mcpu=cortex-m3 -mthumb -T proyectos_ed3_Debug.ld -o "proyectos_ed3.axf" ./src/cr_startup_lpc175x_6x.o ./src/crp.o ./src/proyectos_ed3.o    -lCMSISv2p00_LPC17xx
Memory region         Used Size  Region Size  %age Used
       MFlash512:        3080 B       512 KB      0.59%
        RamLoc32:         504 B        32 KB      1.54%
        RamAHB32:           0 B        32 KB      0.00%
Finished building target: proyectos_ed3.axf
 
Performing post-build steps
arm-none-eabi-size "proyectos_ed3.axf"; # arm-none-eabi-objcopy -v -O binary "proyectos_ed3.axf" "proyectos_ed3.bin" ; # checksum -p LPC1769 -d "proyectos_ed3.bin";
   text	   data	    bss	    dec	    hex	filename
   3080	      0	    504	   3584	    e00	proyectos_ed3.axf
 

18:14:42 Build Finished. 0 errors, 0 warnings. (took 329ms)

